2026-09-02 15:39:22,610 [INFO] CPP module import correctly
2026-09-02 15:39:22,610 [INFO] 5 reps for each Algorithm and the median is selected.
2026-09-02 15:39:22,610 [INFO] ====================== Epoch 0 ======================
2026-09-02 15:39:22,612 [INFO] Dimensions: C(100, 100) = A(100, 100) x B(100, 100)
2026-09-02 15:39:22,612 [INFO] Data Type: <class 'numpy.float32'>
2026-09-02 15:39:22,993 [INFO] Warm up algorithms Complete.
2026-09-02 15:39:22,993 [INFO] Start benchmark...
2026-09-02 15:39:22,993 [INFO] ------------------------------------------------------
2026-09-02 15:39:24,702 [INFO] Method: Numpy matmul
2026-09-02 15:39:24,702 [INFO] Status: Complete.
2026-09-02 15:39:24,702 [INFO] Duration: 0.000038s
2026-09-02 15:39:24,702 [INFO] Result Check: True
2026-09-02 15:39:24,702 [INFO] ------------------------------------------------------
2026-09-02 15:39:24,702 [INFO] Method: Python for-loop
2026-09-02 15:39:24,702 [INFO] Status: Complete.
2026-09-02 15:39:24,702 [INFO] Duration: 0.339030s
2026-09-02 15:39:24,702 [INFO] Result Check: True
2026-09-02 15:39:24,702 [INFO] ------------------------------------------------------
2026-09-02 15:39:24,702 [INFO] Method: CPP row-major vector
2026-09-02 15:39:24,702 [INFO] Status: Complete.
2026-09-02 15:39:24,702 [INFO] Duration: Total(0.000229s) | CPP Alg(0.076792ms)
2026-09-02 15:39:24,703 [INFO] Result Check: True
2026-09-02 15:39:24,703 [INFO] ------------------------------------------------------
2026-09-02 15:39:24,703 [INFO] Method: CPP column-major pointer
2026-09-02 15:39:24,703 [INFO] Status: Complete.
2026-09-02 15:39:24,703 [INFO] Duration: Total(0.000768s) | CPP Alg(0.758375ms)
2026-09-02 15:39:24,703 [INFO] Result Check: True
2026-09-02 15:39:24,703 [INFO] ------------------------------------------------------
2026-09-02 15:39:24,703 [INFO] Method: CPP row-major pointer
2026-09-02 15:39:24,703 [INFO] Status: Complete.
2026-09-02 15:39:24,703 [INFO] Duration: Total(0.000077s) | CPP Alg(0.070292ms)
2026-09-02 15:39:24,703 [INFO] Result Check: True
2026-09-02 15:39:24,703 [INFO] ------------------------------------------------------
2026-09-02 15:39:24,703 [INFO] Method: CPP gemm pointer
2026-09-02 15:39:24,703 [INFO] Status: Complete.
2026-09-02 15:39:24,703 [INFO] Duration: Total(0.000045s) | CPP Alg(0.037500ms)
2026-09-02 15:39:24,703 [INFO] Result Check: True
2026-09-02 15:39:24,703 [INFO] ------------------------------------------------------
2026-09-02 15:39:24,703 [INFO] ====================== Epoch 1 ======================
2026-09-02 15:39:24,703 [INFO] Dimensions: C(200, 200) = A(200, 200) x B(200, 200)
2026-09-02 15:39:24,703 [INFO] Data Type: <class 'numpy.float32'>
2026-09-02 15:39:24,703 [INFO] Start benchmark...
2026-09-02 15:39:24,703 [INFO] ------------------------------------------------------
2026-09-02 15:39:38,430 [INFO] Method: Numpy matmul
2026-09-02 15:39:38,430 [INFO] Status: Complete.
2026-09-02 15:39:38,430 [INFO] Duration: 0.000065s
2026-09-02 15:39:38,431 [INFO] Result Check: True
2026-09-02 15:39:38,431 [INFO] ------------------------------------------------------
2026-09-02 15:39:38,431 [INFO] Method: Python for-loop
2026-09-02 15:39:38,431 [INFO] Status: Complete.
2026-09-02 15:39:38,431 [INFO] Duration: 2.711093s
2026-09-02 15:39:38,431 [INFO] Result Check: True
2026-09-02 15:39:38,431 [INFO] ------------------------------------------------------
2026-09-02 15:39:38,431 [INFO] Method: CPP row-major vector
2026-09-02 15:39:38,431 [INFO] Status: Complete.
2026-09-02 15:39:38,431 [INFO] Duration: Total(0.001129s) | CPP Alg(0.695584ms)
2026-09-02 15:39:38,434 [INFO] Result Check: True
2026-09-02 15:39:38,434 [INFO] ------------------------------------------------------
2026-09-02 15:39:38,434 [INFO] Method: CPP column-major pointer
2026-09-02 15:39:38,434 [INFO] Status: Complete.
2026-09-02 15:39:38,434 [INFO] Duration: Total(0.008339s) | CPP Alg(8.304250ms)
2026-09-02 15:39:38,434 [INFO] Result Check: True
2026-09-02 15:39:38,434 [INFO] ------------------------------------------------------
2026-09-02 15:39:38,434 [INFO] Method: CPP row-major pointer
2026-09-02 15:39:38,434 [INFO] Status: Complete.
2026-09-02 15:39:38,434 [INFO] Duration: Total(0.000657s) | CPP Alg(0.631041ms)
2026-09-02 15:39:38,434 [INFO] Result Check: True
2026-09-02 15:39:38,434 [INFO] ------------------------------------------------------
2026-09-02 15:39:38,434 [INFO] Method: CPP gemm pointer
2026-09-02 15:39:38,434 [INFO] Status: Complete.
2026-09-02 15:39:38,434 [INFO] Duration: Total(0.000248s) | CPP Alg(0.242333ms)
2026-09-02 15:39:38,434 [INFO] Result Check: True
2026-09-02 15:39:38,434 [INFO] ------------------------------------------------------
2026-09-02 15:39:38,434 [INFO] ====================== Epoch 2 ======================
2026-09-02 15:39:38,435 [INFO] Dimensions: C(400, 400) = A(400, 400) x B(400, 400)
2026-09-02 15:39:38,435 [INFO] Data Type: <class 'numpy.float32'>
2026-09-02 15:39:38,435 [INFO] Start benchmark...
2026-09-02 15:39:38,435 [INFO] ------------------------------------------------------
2026-09-02 15:41:30,235 [INFO] Method: Numpy matmul
2026-09-02 15:41:30,236 [INFO] Status: Complete.
2026-09-02 15:41:30,236 [INFO] Duration: 0.000203s
2026-09-02 15:41:30,236 [INFO] Result Check: True
2026-09-02 15:41:30,236 [INFO] ------------------------------------------------------
2026-09-02 15:41:30,236 [INFO] Method: Python for-loop
2026-09-02 15:41:30,236 [INFO] Status: Complete.
2026-09-02 15:41:30,236 [INFO] Duration: 22.305601s
2026-09-02 15:41:30,237 [INFO] Result Check: True
2026-09-02 15:41:30,237 [INFO] ------------------------------------------------------
2026-09-02 15:41:30,237 [INFO] Method: CPP row-major vector
2026-09-02 15:41:30,237 [INFO] Status: Complete.
2026-09-02 15:41:30,237 [INFO] Duration: Total(0.007938s) | CPP Alg(6.161958ms)
2026-09-02 15:41:30,241 [INFO] Result Check: True
2026-09-02 15:41:30,241 [INFO] ------------------------------------------------------
2026-09-02 15:41:30,241 [INFO] Method: CPP column-major pointer
2026-09-02 15:41:30,241 [INFO] Status: Complete.
2026-09-02 15:41:30,241 [INFO] Duration: Total(0.074423s) | CPP Alg(74.372750ms)
2026-09-02 15:41:30,242 [INFO] Result Check: True
2026-09-02 15:41:30,242 [INFO] ------------------------------------------------------
2026-09-02 15:41:30,242 [INFO] Method: CPP row-major pointer
2026-09-02 15:41:30,242 [INFO] Status: Complete.
2026-09-02 15:41:30,242 [INFO] Duration: Total(0.005091s) | CPP Alg(5.061166ms)
2026-09-02 15:41:30,242 [INFO] Result Check: True
2026-09-02 15:41:30,242 [INFO] ------------------------------------------------------
2026-09-02 15:41:30,242 [INFO] Method: CPP gemm pointer
2026-09-02 15:41:30,242 [INFO] Status: Complete.
2026-09-02 15:41:30,242 [INFO] Duration: Total(0.001614s) | CPP Alg(1.536125ms)
2026-09-02 15:41:30,242 [INFO] Result Check: True
2026-09-02 15:41:30,242 [INFO] ------------------------------------------------------
2026-09-02 15:41:30,242 [INFO] ====================== Epoch 3 ======================
2026-09-02 15:41:30,246 [INFO] Dimensions: C(800, 800) = A(800, 800) x B(800, 800)
2026-09-02 15:41:30,247 [INFO] Data Type: <class 'numpy.float32'>
2026-09-02 15:41:30,247 [INFO] Start benchmark...
2026-09-02 15:41:30,247 [INFO] ------------------------------------------------------
2026-09-02 15:56:23,384 [INFO] Method: Numpy matmul
2026-09-02 15:56:23,385 [INFO] Status: Complete.
2026-09-02 15:56:23,385 [INFO] Duration: 0.001158s
2026-09-02 15:56:23,387 [INFO] Result Check: True
2026-09-02 15:56:23,387 [INFO] ------------------------------------------------------
2026-09-02 15:56:23,387 [INFO] Method: Python for-loop
2026-09-02 15:56:23,387 [INFO] Status: Complete.
2026-09-02 15:56:23,387 [INFO] Duration: 177.236347s
2026-09-02 15:56:23,389 [INFO] Result Check: True
2026-09-02 15:56:23,389 [INFO] ------------------------------------------------------
2026-09-02 15:56:23,389 [INFO] Method: CPP row-major vector
2026-09-02 15:56:23,389 [INFO] Status: Complete.
2026-09-02 15:56:23,389 [INFO] Duration: Total(0.053902s) | CPP Alg(44.513208ms)
2026-09-02 15:56:23,406 [INFO] Result Check: True
2026-09-02 15:56:23,406 [INFO] ------------------------------------------------------
2026-09-02 15:56:23,406 [INFO] Method: CPP column-major pointer
2026-09-02 15:56:23,406 [INFO] Status: Complete.
2026-09-02 15:56:23,406 [INFO] Duration: Total(0.621927s) | CPP Alg(621.664083ms)
2026-09-02 15:56:23,409 [INFO] Result Check: True
2026-09-02 15:56:23,409 [INFO] ------------------------------------------------------
2026-09-02 15:56:23,409 [INFO] Method: CPP row-major pointer
2026-09-02 15:56:23,409 [INFO] Status: Complete.
2026-09-02 15:56:23,409 [INFO] Duration: Total(0.039791s) | CPP Alg(39.414000ms)
2026-09-02 15:56:23,410 [INFO] Result Check: True
2026-09-02 15:56:23,410 [INFO] ------------------------------------------------------
2026-09-02 15:56:23,410 [INFO] Method: CPP gemm pointer
2026-09-02 15:56:23,410 [INFO] Status: Complete.
2026-09-02 15:56:23,410 [INFO] Duration: Total(0.012380s) | CPP Alg(12.143250ms)
2026-09-02 15:56:23,412 [INFO] Result Check: True
2026-09-02 15:56:23,412 [INFO] ------------------------------------------------------
2026-09-02 15:56:23,412 [INFO] ====================== Epoch 4 ======================
2026-09-02 15:56:23,435 [INFO] Dimensions: C(1600, 1600) = A(1600, 1600) x B(1600, 1600)
2026-09-02 15:56:23,435 [INFO] Data Type: <class 'numpy.float32'>
2026-09-02 15:56:23,435 [INFO] Start benchmark...
2026-09-02 15:56:23,435 [INFO] ------------------------------------------------------
2026-09-02 15:56:27,937 [INFO] Method: Numpy matmul
2026-09-02 15:56:27,937 [INFO] Status: Complete.
2026-09-02 15:56:27,937 [INFO] Duration: 0.009850s
2026-09-02 15:56:27,948 [INFO] Result Check: True
2026-09-02 15:56:27,948 [INFO] ------------------------------------------------------
2026-09-02 15:56:27,948 [INFO] Method: Python for-loop
2026-09-02 15:56:27,948 [INFO] Status: Skipped (Matrix too large).
2026-09-02 15:56:27,948 [INFO] ------------------------------------------------------
2026-09-02 15:56:27,948 [INFO] Method: CPP row-major vector
2026-09-02 15:56:27,948 [INFO] Status: Complete.
2026-09-02 15:56:27,948 [INFO] Duration: Total(0.429020s) | CPP Alg(377.301583ms)
2026-09-02 15:56:28,016 [INFO] Result Check: True
2026-09-02 15:56:28,016 [INFO] ------------------------------------------------------
2026-09-02 15:56:28,016 [INFO] Method: CPP column-major pointer
2026-09-02 15:56:28,016 [INFO] Status: Skipped (Matrix too large).
2026-09-02 15:56:28,016 [INFO] ------------------------------------------------------
2026-09-02 15:56:28,016 [INFO] Method: CPP row-major pointer
2026-09-02 15:56:28,016 [INFO] Status: Complete.
2026-09-02 15:56:28,016 [INFO] Duration: Total(0.360739s) | CPP Alg(360.010916ms)
2026-09-02 15:56:28,025 [INFO] Result Check: True
2026-09-02 15:56:28,025 [INFO] ------------------------------------------------------
2026-09-02 15:56:28,025 [INFO] Method: CPP gemm pointer
2026-09-02 15:56:28,025 [INFO] Status: Complete.
2026-09-02 15:56:28,025 [INFO] Duration: Total(0.094844s) | CPP Alg(94.010167ms)
2026-09-02 15:56:28,033 [INFO] Result Check: True
2026-09-02 15:56:28,033 [INFO] ------------------------------------------------------
2026-09-02 15:56:28,033 [INFO] ====================== Epoch 5 ======================
2026-09-02 15:56:28,166 [INFO] Dimensions: C(3200, 3200) = A(3200, 3200) x B(3200, 3200)
2026-09-02 15:56:28,166 [INFO] Data Type: <class 'numpy.float32'>
2026-09-02 15:56:28,166 [INFO] Start benchmark...
2026-09-02 15:56:28,166 [INFO] ------------------------------------------------------
2026-09-02 15:57:03,505 [INFO] Method: Numpy matmul
2026-09-02 15:57:03,506 [INFO] Status: Complete.
2026-09-02 15:57:03,506 [INFO] Duration: 0.075624s
2026-09-02 15:57:03,573 [INFO] Result Check: True
2026-09-02 15:57:03,573 [INFO] ------------------------------------------------------
2026-09-02 15:57:03,573 [INFO] Method: Python for-loop
2026-09-02 15:57:03,573 [INFO] Status: Skipped (Matrix too large).
2026-09-02 15:57:03,573 [INFO] ------------------------------------------------------
2026-09-02 15:57:03,573 [INFO] Method: CPP row-major vector
2026-09-02 15:57:03,573 [INFO] Status: Complete.
2026-09-02 15:57:03,573 [INFO] Duration: Total(3.196052s) | CPP Alg(3006.691667ms)
2026-09-02 15:57:03,860 [INFO] Result Check: True
2026-09-02 15:57:03,860 [INFO] ------------------------------------------------------
2026-09-02 15:57:03,860 [INFO] Method: CPP column-major pointer
2026-09-02 15:57:03,860 [INFO] Status: Skipped (Matrix too large).
2026-09-02 15:57:03,860 [INFO] ------------------------------------------------------
2026-09-02 15:57:03,860 [INFO] Method: CPP row-major pointer
2026-09-02 15:57:03,860 [INFO] Status: Complete.
2026-09-02 15:57:03,860 [INFO] Duration: Total(3.022549s) | CPP Alg(3019.356417ms)
2026-09-02 15:57:03,924 [INFO] Result Check: True
2026-09-02 15:57:03,924 [INFO] ------------------------------------------------------
2026-09-02 15:57:03,924 [INFO] Method: CPP gemm pointer
2026-09-02 15:57:03,924 [INFO] Status: Complete.
2026-09-02 15:57:03,924 [INFO] Duration: Total(0.756918s) | CPP Alg(754.121333ms)
2026-09-02 15:57:03,963 [INFO] Result Check: True
2026-09-02 15:57:03,963 [INFO] ------------------------------------------------------
2026-09-02 15:57:03,963 [INFO] ====================== Epoch 6 ======================
2026-09-02 15:57:04,829 [INFO] Dimensions: C(6400, 6400) = A(6400, 6400) x B(6400, 6400)
2026-09-02 15:57:04,829 [INFO] Data Type: <class 'numpy.float32'>
2026-09-02 15:57:04,830 [INFO] Start benchmark...
2026-09-02 15:57:04,830 [INFO] ------------------------------------------------------
2026-09-02 16:02:09,961 [INFO] Method: Numpy matmul
2026-09-02 16:02:09,963 [INFO] Status: Complete.
2026-09-02 16:02:09,963 [INFO] Duration: 0.630528s
2026-09-02 16:02:11,505 [INFO] Result Check: True
2026-09-02 16:02:11,506 [INFO] ------------------------------------------------------
2026-09-02 16:02:11,506 [INFO] Method: Python for-loop
2026-09-02 16:02:11,506 [INFO] Status: Skipped (Matrix too large).
2026-09-02 16:02:11,506 [INFO] ------------------------------------------------------
2026-09-02 16:02:11,506 [INFO] Method: CPP row-major vector
2026-09-02 16:02:11,506 [INFO] Status: Complete.
2026-09-02 16:02:11,506 [INFO] Duration: Total(27.720866s) | CPP Alg(25263.279125ms)
2026-09-02 16:02:14,089 [INFO] Result Check: True
2026-09-02 16:02:14,090 [INFO] ------------------------------------------------------
2026-09-02 16:02:14,090 [INFO] Method: CPP column-major pointer
2026-09-02 16:02:14,090 [INFO] Status: Skipped (Matrix too large).
2026-09-02 16:02:14,090 [INFO] ------------------------------------------------------
2026-09-02 16:02:14,090 [INFO] Method: CPP row-major pointer
2026-09-02 16:02:14,090 [INFO] Status: Complete.
2026-09-02 16:02:14,090 [INFO] Duration: Total(25.099446s) | CPP Alg(25069.655583ms)
2026-09-02 16:02:14,652 [INFO] Result Check: True
2026-09-02 16:02:14,652 [INFO] ------------------------------------------------------
2026-09-02 16:02:14,652 [INFO] Method: CPP gemm pointer
2026-09-02 16:02:14,652 [INFO] Status: Complete.
2026-09-02 16:02:14,652 [INFO] Duration: Total(6.546501s) | CPP Alg(6514.856791ms)
2026-09-02 16:02:15,161 [INFO] Result Check: True
2026-09-02 16:02:15,161 [INFO] ------------------------------------------------------
2026-09-02 16:02:15,161 [INFO] Benchmark Complete.
